// Jest Snapshot v1, https://goo.gl/fbAQLP

exports[`className: set to arbitraty value 1`] = `
<div
  className="rdt arbitrary-value"
>
  <input
    className="form-control"
    onChange={[Function]}
    onFocus={[Function]}
    onKeyDown={[Function]}
    type="text"
    value=""
  />
</div>
`;

exports[`dateFormat set to false 1`] = `
<div
  className="rdt"
>
  <input
    className="form-control"
    onChange={[Function]}
    onFocus={[Function]}
    onKeyDown={[Function]}
    type="text"
    value=""
  />
</div>
`;

exports[`dateFormat set to true 1`] = `
<div
  className="rdt"
>
  <input
    className="form-control"
    onChange={[Function]}
    onFocus={[Function]}
    onKeyDown={[Function]}
    type="text"
    value=""
  />
</div>
`;

exports[`defaultValue: set to arbitrary value 1`] = `
<div
  className="rdt"
>
  <input
    className="form-control"
    onChange={[Function]}
    onFocus={[Function]}
    onKeyDown={[Function]}
    type="text"
    value="12/22/2016 9:36 AM"
  />
</div>
`;

exports[`everything default: renders correctly 1`] = `
<div
  className="rdt"
>
  <input
    className="form-control"
    onChange={[Function]}
    onFocus={[Function]}
    onKeyDown={[Function]}
    type="text"
    value=""
  />
</div>
`;

exports[`input input: set to false 1`] = `
<div
  className="rdt rdtStatic rdtOpen"
>
  <div
    className="rdtPicker"
  >
    <div
      className="rdtDays"
    >
      <table>
        <thead>
          <tr>
            <th
              className="rdtPrev"
              onClick={[Function]}
            >
              ◀
            </th>
            <th
              className="rdtSwitch"
              colSpan={5}
              onClick={[Function]}
            >
              December 2016
            </th>
            <th
              className="rdtNext"
              onClick={[Function]}
            >
              ▶
            </th>
          </tr>
          <tr>
            <th
              className="rdtDoW"
            >
              Su
            </th>
            <th
              className="rdtDoW"
            >
              Mo
            </th>
            <th
              className="rdtDoW"
            >
              Tu
            </th>
            <th
              className="rdtDoW"
            >
              We
            </th>
            <th
              className="rdtDoW"
            >
              Th
            </th>
            <th
              className="rdtDoW"
            >
              Fr
            </th>
            <th
              className="rdtDoW"
            >
              Sa
            </th>
          </tr>
        </thead>
        <tbody>
          <tr>
            <td
              className="rdtDay rdtOld"
              onClick={[Function]}
            >
              27
            </td>
            <td
              className="rdtDay rdtOld"
              onClick={[Function]}
            >
              28
            </td>
            <td
              className="rdtDay rdtOld"
              onClick={[Function]}
            >
              29
            </td>
            <td
              className="rdtDay rdtOld"
              onClick={[Function]}
            >
              30
            </td>
            <td
              className="rdtDay"
              onClick={[Function]}
            >
              1
            </td>
            <td
              className="rdtDay"
              onClick={[Function]}
            >
              2
            </td>
            <td
              className="rdtDay"
              onClick={[Function]}
            >
              3
            </td>
          </tr>
          <tr>
            <td
              className="rdtDay"
              onClick={[Function]}
            >
              4
            </td>
            <td
              className="rdtDay"
              onClick={[Function]}
            >
              5
            </td>
            <td
              className="rdtDay"
              onClick={[Function]}
            >
              6
            </td>
            <td
              className="rdtDay"
              onClick={[Function]}
            >
              7
            </td>
            <td
              className="rdtDay"
              onClick={[Function]}
            >
              8
            </td>
            <td
              className="rdtDay"
              onClick={[Function]}
            >
              9
            </td>
            <td
              className="rdtDay"
              onClick={[Function]}
            >
              10
            </td>
          </tr>
          <tr>
            <td
              className="rdtDay"
              onClick={[Function]}
            >
              11
            </td>
            <td
              className="rdtDay"
              onClick={[Function]}
            >
              12
            </td>
            <td
              className="rdtDay"
              onClick={[Function]}
            >
              13
            </td>
            <td
              className="rdtDay"
              onClick={[Function]}
            >
              14
            </td>
            <td
              className="rdtDay"
              onClick={[Function]}
            >
              15
            </td>
            <td
              className="rdtDay"
              onClick={[Function]}
            >
              16
            </td>
            <td
              className="rdtDay"
              onClick={[Function]}
            >
              17
            </td>
          </tr>
          <tr>
            <td
              className="rdtDay"
              onClick={[Function]}
            >
              18
            </td>
            <td
              className="rdtDay"
              onClick={[Function]}
            >
              19
            </td>
            <td
              className="rdtDay"
              onClick={[Function]}
            >
              20
            </td>
            <td
              className="rdtDay"
              onClick={[Function]}
            >
              21
            </td>
            <td
              className="rdtDay rdtToday"
              onClick={[Function]}
            >
              22
            </td>
            <td
              className="rdtDay"
              onClick={[Function]}
            >
              23
            </td>
            <td
              className="rdtDay"
              onClick={[Function]}
            >
              24
            </td>
          </tr>
          <tr>
            <td
              className="rdtDay"
              onClick={[Function]}
            >
              25
            </td>
            <td
              className="rdtDay"
              onClick={[Function]}
            >
              26
            </td>
            <td
              className="rdtDay"
              onClick={[Function]}
            >
              27
            </td>
            <td
              className="rdtDay"
              onClick={[Function]}
            >
              28
            </td>
            <td
              className="rdtDay"
              onClick={[Function]}
            >
              29
            </td>
            <td
              className="rdtDay"
              onClick={[Function]}
            >
              30
            </td>
            <td
              className="rdtDay"
              onClick={[Function]}
            >
              31
            </td>
          </tr>
          <tr>
            <td
              className="rdtDay rdtNew"
              onClick={[Function]}
            >
              1
            </td>
            <td
              className="rdtDay rdtNew"
              onClick={[Function]}
            >
              2
            </td>
            <td
              className="rdtDay rdtNew"
              onClick={[Function]}
            >
              3
            </td>
            <td
              className="rdtDay rdtNew"
              onClick={[Function]}
            >
              4
            </td>
            <td
              className="rdtDay rdtNew"
              onClick={[Function]}
            >
              5
            </td>
            <td
              className="rdtDay rdtNew"
              onClick={[Function]}
            >
              6
            </td>
            <td
              className="rdtDay rdtNew"
              onClick={[Function]}
            >
              7
            </td>
          </tr>
        </tbody>
        <tfoot>
          <tr>
            <td
              className="rdtSwitch"
              colSpan={7}
              onClick={[Function]}
            >
              12:00 AM
            </td>
          </tr>
        </tfoot>
      </table>
    </div>
  </div>
</div>
`;

exports[`input input: set to true 1`] = `
<div
  className="rdt"
>
  <input
    className="form-control"
    onChange={[Function]}
    onFocus={[Function]}
    onKeyDown={[Function]}
    type="text"
    value=""
  />
</div>
`;

exports[`inputProps with className specified 1`] = `
<div
  className="rdt"
>
  <input
    className="arbitrary-className"
    onChange={[Function]}
    onFocus={[Function]}
    onKeyDown={[Function]}
    type="text"
    value=""
  />
</div>
`;

exports[`inputProps with disabled specified 1`] = `
<div
  className="rdt"
>
  <input
    className="form-control"
    disabled={true}
    onChange={[Function]}
    onFocus={[Function]}
    onKeyDown={[Function]}
    type="text"
    value=""
  />
</div>
`;

exports[`inputProps with name specified 1`] = `
<div
  className="rdt"
>
  <input
    className="form-control"
    name="arbitrary-name"
    onChange={[Function]}
    onFocus={[Function]}
    onKeyDown={[Function]}
    type="text"
    value=""
  />
</div>
`;

exports[`inputProps with placeholder specified 1`] = `
<div
  className="rdt"
>
  <input
    className="form-control"
    onChange={[Function]}
    onFocus={[Function]}
    onKeyDown={[Function]}
    placeholder="arbitrary-placeholder"
    type="text"
    value=""
  />
</div>
`;

exports[`inputProps with required specified 1`] = `
<div
  className="rdt"
>
  <input
    className="form-control"
    onChange={[Function]}
    onFocus={[Function]}
    onKeyDown={[Function]}
    required={true}
    type="text"
    value=""
  />
</div>
`;

exports[`isValidDate: only valid if after yesterday 1`] = `
<div
  className="rdt rdtOpen"
>
  <input
    className="form-control"
    onChange={[Function]}
    onFocus={[Function]}
    onKeyDown={[Function]}
    type="text"
    value=""
  />
  <div
    className="rdtPicker"
  >
    <div
      className="rdtDays"
    >
      <table>
        <thead>
          <tr>
            <th
              className="rdtPrev"
              onClick={[Function]}
            >
              ◀
            </th>
            <th
              className="rdtSwitch"
              colSpan={5}
              onClick={[Function]}
            >
              December 2016
            </th>
            <th
              className="rdtNext"
              onClick={[Function]}
            >
              ▶
            </th>
          </tr>
          <tr>
            <th
              className="rdtDoW"
            >
              Su
            </th>
            <th
              className="rdtDoW"
            >
              Mo
            </th>
            <th
              className="rdtDoW"
            >
              Tu
            </th>
            <th
              className="rdtDoW"
            >
              We
            </th>
            <th
              className="rdtDoW"
            >
              Th
            </th>
            <th
              className="rdtDoW"
            >
              Fr
            </th>
            <th
              className="rdtDoW"
            >
              Sa
            </th>
          </tr>
        </thead>
        <tbody>
          <tr>
            <td
              className="rdtDay rdtDisabled rdtOld"
              onClick={null}
            >
              27
            </td>
            <td
              className="rdtDay rdtDisabled rdtOld"
              onClick={null}
            >
              28
            </td>
            <td
              className="rdtDay rdtDisabled rdtOld"
              onClick={null}
            >
              29
            </td>
            <td
              className="rdtDay rdtDisabled rdtOld"
              onClick={null}
            >
              30
            </td>
            <td
              className="rdtDay rdtDisabled"
              onClick={null}
            >
              1
            </td>
            <td
              className="rdtDay rdtDisabled"
              onClick={null}
            >
              2
            </td>
            <td
              className="rdtDay rdtDisabled"
              onClick={null}
            >
              3
            </td>
          </tr>
          <tr>
            <td
              className="rdtDay rdtDisabled"
              onClick={null}
            >
              4
            </td>
            <td
              className="rdtDay rdtDisabled"
              onClick={null}
            >
              5
            </td>
            <td
              className="rdtDay rdtDisabled"
              onClick={null}
            >
              6
            </td>
            <td
              className="rdtDay rdtDisabled"
              onClick={null}
            >
              7
            </td>
            <td
              className="rdtDay rdtDisabled"
              onClick={null}
            >
              8
            </td>
            <td
              className="rdtDay rdtDisabled"
              onClick={null}
            >
              9
            </td>
            <td
              className="rdtDay rdtDisabled"
              onClick={null}
            >
              10
            </td>
          </tr>
          <tr>
            <td
              className="rdtDay rdtDisabled"
              onClick={null}
            >
              11
            </td>
            <td
              className="rdtDay rdtDisabled"
              onClick={null}
            >
              12
            </td>
            <td
              className="rdtDay rdtDisabled"
              onClick={null}
            >
              13
            </td>
            <td
              className="rdtDay rdtDisabled"
              onClick={null}
            >
              14
            </td>
            <td
              className="rdtDay rdtDisabled"
              onClick={null}
            >
              15
            </td>
            <td
              className="rdtDay rdtDisabled"
              onClick={null}
            >
              16
            </td>
            <td
              className="rdtDay rdtDisabled"
              onClick={null}
            >
              17
            </td>
          </tr>
          <tr>
            <td
              className="rdtDay rdtDisabled"
              onClick={null}
            >
              18
            </td>
            <td
              className="rdtDay rdtDisabled"
              onClick={null}
            >
              19
            </td>
            <td
              className="rdtDay rdtDisabled"
              onClick={null}
            >
              20
            </td>
            <td
              className="rdtDay rdtDisabled"
              onClick={null}
            >
              21
            </td>
            <td
              className="rdtDay rdtToday"
              onClick={[Function]}
            >
              22
            </td>
            <td
              className="rdtDay"
              onClick={[Function]}
            >
              23
            </td>
            <td
              className="rdtDay"
              onClick={[Function]}
            >
              24
            </td>
          </tr>
          <tr>
            <td
              className="rdtDay"
              onClick={[Function]}
            >
              25
            </td>
            <td
              className="rdtDay"
              onClick={[Function]}
            >
              26
            </td>
            <td
              className="rdtDay"
              onClick={[Function]}
            >
              27
            </td>
            <td
              className="rdtDay"
              onClick={[Function]}
            >
              28
            </td>
            <td
              className="rdtDay"
              onClick={[Function]}
            >
              29
            </td>
            <td
              className="rdtDay"
              onClick={[Function]}
            >
              30
            </td>
            <td
              className="rdtDay"
              onClick={[Function]}
            >
              31
            </td>
          </tr>
          <tr>
            <td
              className="rdtDay rdtNew"
              onClick={[Function]}
            >
              1
            </td>
            <td
              className="rdtDay rdtNew"
              onClick={[Function]}
            >
              2
            </td>
            <td
              className="rdtDay rdtNew"
              onClick={[Function]}
            >
              3
            </td>
            <td
              className="rdtDay rdtNew"
              onClick={[Function]}
            >
              4
            </td>
            <td
              className="rdtDay rdtNew"
              onClick={[Function]}
            >
              5
            </td>
            <td
              className="rdtDay rdtNew"
              onClick={[Function]}
            >
              6
            </td>
            <td
              className="rdtDay rdtNew"
              onClick={[Function]}
            >
              7
            </td>
          </tr>
        </tbody>
        <tfoot>
          <tr>
            <td
              className="rdtSwitch"
              colSpan={7}
              onClick={[Function]}
            >
              12:00 AM
            </td>
          </tr>
        </tfoot>
      </table>
    </div>
  </div>
</div>
`;

exports[`open set to false 1`] = `
<div
  className="rdt"
>
  <input
    className="form-control"
    onChange={[Function]}
    onFocus={[Function]}
    onKeyDown={[Function]}
    type="text"
    value=""
  />
</div>
`;

exports[`open set to true 1`] = `
<div
  className="rdt rdtOpen"
>
  <input
    className="form-control"
    onChange={[Function]}
    onFocus={[Function]}
    onKeyDown={[Function]}
    type="text"
    value=""
  />
  <div
    className="rdtPicker"
  >
    <div
      className="rdtDays"
    >
      <table>
        <thead>
          <tr>
            <th
              className="rdtPrev"
              onClick={[Function]}
            >
              ◀
            </th>
            <th
              className="rdtSwitch"
              colSpan={5}
              onClick={[Function]}
            >
              December 2016
            </th>
            <th
              className="rdtNext"
              onClick={[Function]}
            >
              ▶
            </th>
          </tr>
          <tr>
            <th
              className="rdtDoW"
            >
              Su
            </th>
            <th
              className="rdtDoW"
            >
              Mo
            </th>
            <th
              className="rdtDoW"
            >
              Tu
            </th>
            <th
              className="rdtDoW"
            >
              We
            </th>
            <th
              className="rdtDoW"
            >
              Th
            </th>
            <th
              className="rdtDoW"
            >
              Fr
            </th>
            <th
              className="rdtDoW"
            >
              Sa
            </th>
          </tr>
        </thead>
        <tbody>
          <tr>
            <td
              className="rdtDay rdtOld"
              onClick={[Function]}
            >
              27
            </td>
            <td
              className="rdtDay rdtOld"
              onClick={[Function]}
            >
              28
            </td>
            <td
              className="rdtDay rdtOld"
              onClick={[Function]}
            >
              29
            </td>
            <td
              className="rdtDay rdtOld"
              onClick={[Function]}
            >
              30
            </td>
            <td
              className="rdtDay"
              onClick={[Function]}
            >
              1
            </td>
            <td
              className="rdtDay"
              onClick={[Function]}
            >
              2
            </td>
            <td
              className="rdtDay"
              onClick={[Function]}
            >
              3
            </td>
          </tr>
          <tr>
            <td
              className="rdtDay"
              onClick={[Function]}
            >
              4
            </td>
            <td
              className="rdtDay"
              onClick={[Function]}
            >
              5
            </td>
            <td
              className="rdtDay"
              onClick={[Function]}
            >
              6
            </td>
            <td
              className="rdtDay"
              onClick={[Function]}
            >
              7
            </td>
            <td
              className="rdtDay"
              onClick={[Function]}
            >
              8
            </td>
            <td
              className="rdtDay"
              onClick={[Function]}
            >
              9
            </td>
            <td
              className="rdtDay"
              onClick={[Function]}
            >
              10
            </td>
          </tr>
          <tr>
            <td
              className="rdtDay"
              onClick={[Function]}
            >
              11
            </td>
            <td
              className="rdtDay"
              onClick={[Function]}
            >
              12
            </td>
            <td
              className="rdtDay"
              onClick={[Function]}
            >
              13
            </td>
            <td
              className="rdtDay"
              onClick={[Function]}
            >
              14
            </td>
            <td
              className="rdtDay"
              onClick={[Function]}
            >
              15
            </td>
            <td
              className="rdtDay"
              onClick={[Function]}
            >
              16
            </td>
            <td
              className="rdtDay"
              onClick={[Function]}
            >
              17
            </td>
          </tr>
          <tr>
            <td
              className="rdtDay"
              onClick={[Function]}
            >
              18
            </td>
            <td
              className="rdtDay"
              onClick={[Function]}
            >
              19
            </td>
            <td
              className="rdtDay"
              onClick={[Function]}
            >
              20
            </td>
            <td
              className="rdtDay"
              onClick={[Function]}
            >
              21
            </td>
            <td
              className="rdtDay rdtToday"
              onClick={[Function]}
            >
              22
            </td>
            <td
              className="rdtDay"
              onClick={[Function]}
            >
              23
            </td>
            <td
              className="rdtDay"
              onClick={[Function]}
            >
              24
            </td>
          </tr>
          <tr>
            <td
              className="rdtDay"
              onClick={[Function]}
            >
              25
            </td>
            <td
              className="rdtDay"
              onClick={[Function]}
            >
              26
            </td>
            <td
              className="rdtDay"
              onClick={[Function]}
            >
              27
            </td>
            <td
              className="rdtDay"
              onClick={[Function]}
            >
              28
            </td>
            <td
              className="rdtDay"
              onClick={[Function]}
            >
              29
            </td>
            <td
              className="rdtDay"
              onClick={[Function]}
            >
              30
            </td>
            <td
              className="rdtDay"
              onClick={[Function]}
            >
              31
            </td>
          </tr>
          <tr>
            <td
              className="rdtDay rdtNew"
              onClick={[Function]}
            >
              1
            </td>
            <td
              className="rdtDay rdtNew"
              onClick={[Function]}
            >
              2
            </td>
            <td
              className="rdtDay rdtNew"
              onClick={[Function]}
            >
              3
            </td>
            <td
              className="rdtDay rdtNew"
              onClick={[Function]}
            >
              4
            </td>
            <td
              className="rdtDay rdtNew"
              onClick={[Function]}
            >
              5
            </td>
            <td
              className="rdtDay rdtNew"
              onClick={[Function]}
            >
              6
            </td>
            <td
              className="rdtDay rdtNew"
              onClick={[Function]}
            >
              7
            </td>
          </tr>
        </tbody>
        <tfoot>
          <tr>
            <td
              className="rdtSwitch"
              colSpan={7}
              onClick={[Function]}
            >
              12:00 AM
            </td>
          </tr>
        </tfoot>
      </table>
    </div>
  </div>
</div>
`;

exports[`renderDay: specified 1`] = `
<div
  className="rdt rdtOpen"
>
  <input
    className="form-control"
    onChange={[Function]}
    onFocus={[Function]}
    onKeyDown={[Function]}
    type="text"
    value=""
  />
  <div
    className="rdtPicker"
  >
    <div
      className="rdtDays"
    >
      <table>
        <thead>
          <tr>
            <th
              className="rdtPrev"
              onClick={[Function]}
            >
              ◀
            </th>
            <th
              className="rdtSwitch"
              colSpan={5}
              onClick={[Function]}
            >
              December 2016
            </th>
            <th
              className="rdtNext"
              onClick={[Function]}
            >
              ▶
            </th>
          </tr>
          <tr>
            <th
              className="rdtDoW"
            >
              Su
            </th>
            <th
              className="rdtDoW"
            >
              Mo
            </th>
            <th
              className="rdtDoW"
            >
              Tu
            </th>
            <th
              className="rdtDoW"
            >
              We
            </th>
            <th
              className="rdtDoW"
            >
              Th
            </th>
            <th
              className="rdtDoW"
            >
              Fr
            </th>
            <th
              className="rdtDoW"
            >
              Sa
            </th>
          </tr>
        </thead>
        <tbody>
          <tr>
            <td
              className="rdtDay rdtOld"
              onClick={[Function]}
            >
              _27_
            </td>
            <td
              className="rdtDay rdtOld"
              onClick={[Function]}
            >
              _28_
            </td>
            <td
              className="rdtDay rdtOld"
              onClick={[Function]}
            >
              _29_
            </td>
            <td
              className="rdtDay rdtOld"
              onClick={[Function]}
            >
              _30_
            </td>
            <td
              className="rdtDay"
              onClick={[Function]}
            >
              _1_
            </td>
            <td
              className="rdtDay"
              onClick={[Function]}
            >
              _2_
            </td>
            <td
              className="rdtDay"
              onClick={[Function]}
            >
              _3_
            </td>
          </tr>
          <tr>
            <td
              className="rdtDay"
              onClick={[Function]}
            >
              _4_
            </td>
            <td
              className="rdtDay"
              onClick={[Function]}
            >
              _5_
            </td>
            <td
              className="rdtDay"
              onClick={[Function]}
            >
              _6_
            </td>
            <td
              className="rdtDay"
              onClick={[Function]}
            >
              _7_
            </td>
            <td
              className="rdtDay"
              onClick={[Function]}
            >
              _8_
            </td>
            <td
              className="rdtDay"
              onClick={[Function]}
            >
              _9_
            </td>
            <td
              className="rdtDay"
              onClick={[Function]}
            >
              _10_
            </td>
          </tr>
          <tr>
            <td
              className="rdtDay"
              onClick={[Function]}
            >
              _11_
            </td>
            <td
              className="rdtDay"
              onClick={[Function]}
            >
              _12_
            </td>
            <td
              className="rdtDay"
              onClick={[Function]}
            >
              _13_
            </td>
            <td
              className="rdtDay"
              onClick={[Function]}
            >
              _14_
            </td>
            <td
              className="rdtDay"
              onClick={[Function]}
            >
              _15_
            </td>
            <td
              className="rdtDay"
              onClick={[Function]}
            >
              _16_
            </td>
            <td
              className="rdtDay"
              onClick={[Function]}
            >
              _17_
            </td>
          </tr>
          <tr>
            <td
              className="rdtDay"
              onClick={[Function]}
            >
              _18_
            </td>
            <td
              className="rdtDay"
              onClick={[Function]}
            >
              _19_
            </td>
            <td
              className="rdtDay"
              onClick={[Function]}
            >
              _20_
            </td>
            <td
              className="rdtDay"
              onClick={[Function]}
            >
              _21_
            </td>
            <td
              className="rdtDay rdtToday"
              onClick={[Function]}
            >
              _22_
            </td>
            <td
              className="rdtDay"
              onClick={[Function]}
            >
              _23_
            </td>
            <td
              className="rdtDay"
              onClick={[Function]}
            >
              _24_
            </td>
          </tr>
          <tr>
            <td
              className="rdtDay"
              onClick={[Function]}
            >
              _25_
            </td>
            <td
              className="rdtDay"
              onClick={[Function]}
            >
              _26_
            </td>
            <td
              className="rdtDay"
              onClick={[Function]}
            >
              _27_
            </td>
            <td
              className="rdtDay"
              onClick={[Function]}
            >
              _28_
            </td>
            <td
              className="rdtDay"
              onClick={[Function]}
            >
              _29_
            </td>
            <td
              className="rdtDay"
              onClick={[Function]}
            >
              _30_
            </td>
            <td
              className="rdtDay"
              onClick={[Function]}
            >
              _31_
            </td>
          </tr>
          <tr>
            <td
              className="rdtDay rdtNew"
              onClick={[Function]}
            >
              _1_
            </td>
            <td
              className="rdtDay rdtNew"
              onClick={[Function]}
            >
              _2_
            </td>
            <td
              className="rdtDay rdtNew"
              onClick={[Function]}
            >
              _3_
            </td>
            <td
              className="rdtDay rdtNew"
              onClick={[Function]}
            >
              _4_
            </td>
            <td
              className="rdtDay rdtNew"
              onClick={[Function]}
            >
              _5_
            </td>
            <td
              className="rdtDay rdtNew"
              onClick={[Function]}
            >
              _6_
            </td>
            <td
              className="rdtDay rdtNew"
              onClick={[Function]}
            >
              _7_
            </td>
          </tr>
        </tbody>
        <tfoot>
          <tr>
            <td
              className="rdtSwitch"
              colSpan={7}
              onClick={[Function]}
            >
              12:00 AM
            </td>
          </tr>
        </tfoot>
      </table>
    </div>
  </div>
</div>
`;

exports[`renderMonth: specified 1`] = `
<div
  className="rdt rdtOpen"
>
  <input
    className="form-control"
    onChange={[Function]}
    onFocus={[Function]}
    onKeyDown={[Function]}
    type="text"
    value=""
  />
  <div
    className="rdtPicker"
  >
    <div
      className="rdtDays"
    >
      <table>
        <thead>
          <tr>
            <th
              className="rdtPrev"
              onClick={[Function]}
            >
              ◀
            </th>
            <th
              className="rdtSwitch"
              colSpan={5}
              onClick={[Function]}
            >
              December 2016
            </th>
            <th
              className="rdtNext"
              onClick={[Function]}
            >
              ▶
            </th>
          </tr>
          <tr>
            <th
              className="rdtDoW"
            >
              Su
            </th>
            <th
              className="rdtDoW"
            >
              Mo
            </th>
            <th
              className="rdtDoW"
            >
              Tu
            </th>
            <th
              className="rdtDoW"
            >
              We
            </th>
            <th
              className="rdtDoW"
            >
              Th
            </th>
            <th
              className="rdtDoW"
            >
              Fr
            </th>
            <th
              className="rdtDoW"
            >
              Sa
            </th>
          </tr>
        </thead>
        <tbody>
          <tr>
            <td
              className="rdtDay rdtOld"
              onClick={[Function]}
            >
              27
            </td>
            <td
              className="rdtDay rdtOld"
              onClick={[Function]}
            >
              28
            </td>
            <td
              className="rdtDay rdtOld"
              onClick={[Function]}
            >
              29
            </td>
            <td
              className="rdtDay rdtOld"
              onClick={[Function]}
            >
              30
            </td>
            <td
              className="rdtDay"
              onClick={[Function]}
            >
              1
            </td>
            <td
              className="rdtDay"
              onClick={[Function]}
            >
              2
            </td>
            <td
              className="rdtDay"
              onClick={[Function]}
            >
              3
            </td>
          </tr>
          <tr>
            <td
              className="rdtDay"
              onClick={[Function]}
            >
              4
            </td>
            <td
              className="rdtDay"
              onClick={[Function]}
            >
              5
            </td>
            <td
              className="rdtDay"
              onClick={[Function]}
            >
              6
            </td>
            <td
              className="rdtDay"
              onClick={[Function]}
            >
              7
            </td>
            <td
              className="rdtDay"
              onClick={[Function]}
            >
              8
            </td>
            <td
              className="rdtDay"
              onClick={[Function]}
            >
              9
            </td>
            <td
              className="rdtDay"
              onClick={[Function]}
            >
              10
            </td>
          </tr>
          <tr>
            <td
              className="rdtDay"
              onClick={[Function]}
            >
              11
            </td>
            <td
              className="rdtDay"
              onClick={[Function]}
            >
              12
            </td>
            <td
              className="rdtDay"
              onClick={[Function]}
            >
              13
            </td>
            <td
              className="rdtDay"
              onClick={[Function]}
            >
              14
            </td>
            <td
              className="rdtDay"
              onClick={[Function]}
            >
              15
            </td>
            <td
              className="rdtDay"
              onClick={[Function]}
            >
              16
            </td>
            <td
              className="rdtDay"
              onClick={[Function]}
            >
              17
            </td>
          </tr>
          <tr>
            <td
              className="rdtDay"
              onClick={[Function]}
            >
              18
            </td>
            <td
              className="rdtDay"
              onClick={[Function]}
            >
              19
            </td>
            <td
              className="rdtDay"
              onClick={[Function]}
            >
              20
            </td>
            <td
              className="rdtDay"
              onClick={[Function]}
            >
              21
            </td>
            <td
              className="rdtDay rdtToday"
              onClick={[Function]}
            >
              22
            </td>
            <td
              className="rdtDay"
              onClick={[Function]}
            >
              23
            </td>
            <td
              className="rdtDay"
              onClick={[Function]}
            >
              24
            </td>
          </tr>
          <tr>
            <td
              className="rdtDay"
              onClick={[Function]}
            >
              25
            </td>
            <td
              className="rdtDay"
              onClick={[Function]}
            >
              26
            </td>
            <td
              className="rdtDay"
              onClick={[Function]}
            >
              27
            </td>
            <td
              className="rdtDay"
              onClick={[Function]}
            >
              28
            </td>
            <td
              className="rdtDay"
              onClick={[Function]}
            >
              29
            </td>
            <td
              className="rdtDay"
              onClick={[Function]}
            >
              30
            </td>
            <td
              className="rdtDay"
              onClick={[Function]}
            >
              31
            </td>
          </tr>
          <tr>
            <td
              className="rdtDay rdtNew"
              onClick={[Function]}
            >
              1
            </td>
            <td
              className="rdtDay rdtNew"
              onClick={[Function]}
            >
              2
            </td>
            <td
              className="rdtDay rdtNew"
              onClick={[Function]}
            >
              3
            </td>
            <td
              className="rdtDay rdtNew"
              onClick={[Function]}
            >
              4
            </td>
            <td
              className="rdtDay rdtNew"
              onClick={[Function]}
            >
              5
            </td>
            <td
              className="rdtDay rdtNew"
              onClick={[Function]}
            >
              6
            </td>
            <td
              className="rdtDay rdtNew"
              onClick={[Function]}
            >
              7
            </td>
          </tr>
        </tbody>
        <tfoot>
          <tr>
            <td
              className="rdtSwitch"
              colSpan={7}
              onClick={[Function]}
            >
              12:00 AM
            </td>
          </tr>
        </tfoot>
      </table>
    </div>
  </div>
</div>
`;

exports[`renderYear: specified 1`] = `
<div
  className="rdt rdtOpen"
>
  <input
    className="form-control"
    onChange={[Function]}
    onFocus={[Function]}
    onKeyDown={[Function]}
    type="text"
    value=""
  />
  <div
    className="rdtPicker"
  >
    <div
      className="rdtDays"
    >
      <table>
        <thead>
          <tr>
            <th
              className="rdtPrev"
              onClick={[Function]}
            >
              ◀
            </th>
            <th
              className="rdtSwitch"
              colSpan={5}
              onClick={[Function]}
            >
              December 2016
            </th>
            <th
              className="rdtNext"
              onClick={[Function]}
            >
              ▶
            </th>
          </tr>
          <tr>
            <th
              className="rdtDoW"
            >
              Su
            </th>
            <th
              className="rdtDoW"
            >
              Mo
            </th>
            <th
              className="rdtDoW"
            >
              Tu
            </th>
            <th
              className="rdtDoW"
            >
              We
            </th>
            <th
              className="rdtDoW"
            >
              Th
            </th>
            <th
              className="rdtDoW"
            >
              Fr
            </th>
            <th
              className="rdtDoW"
            >
              Sa
            </th>
          </tr>
        </thead>
        <tbody>
          <tr>
            <td
              className="rdtDay rdtOld"
              onClick={[Function]}
            >
              27
            </td>
            <td
              className="rdtDay rdtOld"
              onClick={[Function]}
            >
              28
            </td>
            <td
              className="rdtDay rdtOld"
              onClick={[Function]}
            >
              29
            </td>
            <td
              className="rdtDay rdtOld"
              onClick={[Function]}
            >
              30
            </td>
            <td
              className="rdtDay"
              onClick={[Function]}
            >
              1
            </td>
            <td
              className="rdtDay"
              onClick={[Function]}
            >
              2
            </td>
            <td
              className="rdtDay"
              onClick={[Function]}
            >
              3
            </td>
          </tr>
          <tr>
            <td
              className="rdtDay"
              onClick={[Function]}
            >
              4
            </td>
            <td
              className="rdtDay"
              onClick={[Function]}
            >
              5
            </td>
            <td
              className="rdtDay"
              onClick={[Function]}
            >
              6
            </td>
            <td
              className="rdtDay"
              onClick={[Function]}
            >
              7
            </td>
            <td
              className="rdtDay"
              onClick={[Function]}
            >
              8
            </td>
            <td
              className="rdtDay"
              onClick={[Function]}
            >
              9
            </td>
            <td
              className="rdtDay"
              onClick={[Function]}
            >
              10
            </td>
          </tr>
          <tr>
            <td
              className="rdtDay"
              onClick={[Function]}
            >
              11
            </td>
            <td
              className="rdtDay"
              onClick={[Function]}
            >
              12
            </td>
            <td
              className="rdtDay"
              onClick={[Function]}
            >
              13
            </td>
            <td
              className="rdtDay"
              onClick={[Function]}
            >
              14
            </td>
            <td
              className="rdtDay"
              onClick={[Function]}
            >
              15
            </td>
            <td
              className="rdtDay"
              onClick={[Function]}
            >
              16
            </td>
            <td
              className="rdtDay"
              onClick={[Function]}
            >
              17
            </td>
          </tr>
          <tr>
            <td
              className="rdtDay"
              onClick={[Function]}
            >
              18
            </td>
            <td
              className="rdtDay"
              onClick={[Function]}
            >
              19
            </td>
            <td
              className="rdtDay"
              onClick={[Function]}
            >
              20
            </td>
            <td
              className="rdtDay"
              onClick={[Function]}
            >
              21
            </td>
            <td
              className="rdtDay rdtToday"
              onClick={[Function]}
            >
              22
            </td>
            <td
              className="rdtDay"
              onClick={[Function]}
            >
              23
            </td>
            <td
              className="rdtDay"
              onClick={[Function]}
            >
              24
            </td>
          </tr>
          <tr>
            <td
              className="rdtDay"
              onClick={[Function]}
            >
              25
            </td>
            <td
              className="rdtDay"
              onClick={[Function]}
            >
              26
            </td>
            <td
              className="rdtDay"
              onClick={[Function]}
            >
              27
            </td>
            <td
              className="rdtDay"
              onClick={[Function]}
            >
              28
            </td>
            <td
              className="rdtDay"
              onClick={[Function]}
            >
              29
            </td>
            <td
              className="rdtDay"
              onClick={[Function]}
            >
              30
            </td>
            <td
              className="rdtDay"
              onClick={[Function]}
            >
              31
            </td>
          </tr>
          <tr>
            <td
              className="rdtDay rdtNew"
              onClick={[Function]}
            >
              1
            </td>
            <td
              className="rdtDay rdtNew"
              onClick={[Function]}
            >
              2
            </td>
            <td
              className="rdtDay rdtNew"
              onClick={[Function]}
            >
              3
            </td>
            <td
              className="rdtDay rdtNew"
              onClick={[Function]}
            >
              4
            </td>
            <td
              className="rdtDay rdtNew"
              onClick={[Function]}
            >
              5
            </td>
            <td
              className="rdtDay rdtNew"
              onClick={[Function]}
            >
              6
            </td>
            <td
              className="rdtDay rdtNew"
              onClick={[Function]}
            >
              7
            </td>
          </tr>
        </tbody>
        <tfoot>
          <tr>
            <td
              className="rdtSwitch"
              colSpan={7}
              onClick={[Function]}
            >
              12:00 AM
            </td>
          </tr>
        </tfoot>
      </table>
    </div>
  </div>
</div>
`;

exports[`timeFormat set to false 1`] = `
<div
  className="rdt"
>
  <input
    className="form-control"
    onChange={[Function]}
    onFocus={[Function]}
    onKeyDown={[Function]}
    type="text"
    value=""
  />
</div>
`;

exports[`timeFormat set to true 1`] = `
<div
  className="rdt"
>
  <input
    className="form-control"
    onChange={[Function]}
    onFocus={[Function]}
    onKeyDown={[Function]}
    type="text"
    value=""
  />
</div>
`;

exports[`value: set to arbitrary value 1`] = `
<div
  className="rdt"
>
  <input
    className="form-control"
    onChange={[Function]}
    onFocus={[Function]}
    onKeyDown={[Function]}
    type="text"
    value="12/22/2016 9:36 AM"
  />
</div>
`;

exports[`viewMode set to days 1`] = `
<div
  className="rdt rdtOpen"
>
  <input
    className="form-control"
    onChange={[Function]}
    onFocus={[Function]}
    onKeyDown={[Function]}
    type="text"
    value=""
  />
  <div
    className="rdtPicker"
  >
    <div
      className="rdtDays"
    >
      <table>
        <thead>
          <tr>
            <th
              className="rdtPrev"
              onClick={[Function]}
            >
              ◀
            </th>
            <th
              className="rdtSwitch"
              colSpan={5}
              onClick={[Function]}
            >
              December 2016
            </th>
            <th
              className="rdtNext"
              onClick={[Function]}
            >
              ▶
            </th>
          </tr>
          <tr>
            <th
              className="rdtDoW"
            >
              Su
            </th>
            <th
              className="rdtDoW"
            >
              Mo
            </th>
            <th
              className="rdtDoW"
            >
              Tu
            </th>
            <th
              className="rdtDoW"
            >
              We
            </th>
            <th
              className="rdtDoW"
            >
              Th
            </th>
            <th
              className="rdtDoW"
            >
              Fr
            </th>
            <th
              className="rdtDoW"
            >
              Sa
            </th>
          </tr>
        </thead>
        <tbody>
          <tr>
            <td
              className="rdtDay rdtOld"
              onClick={[Function]}
            >
              27
            </td>
            <td
              className="rdtDay rdtOld"
              onClick={[Function]}
            >
              28
            </td>
            <td
              className="rdtDay rdtOld"
              onClick={[Function]}
            >
              29
            </td>
            <td
              className="rdtDay rdtOld"
              onClick={[Function]}
            >
              30
            </td>
            <td
              className="rdtDay"
              onClick={[Function]}
            >
              1
            </td>
            <td
              className="rdtDay"
              onClick={[Function]}
            >
              2
            </td>
            <td
              className="rdtDay"
              onClick={[Function]}
            >
              3
            </td>
          </tr>
          <tr>
            <td
              className="rdtDay"
              onClick={[Function]}
            >
              4
            </td>
            <td
              className="rdtDay"
              onClick={[Function]}
            >
              5
            </td>
            <td
              className="rdtDay"
              onClick={[Function]}
            >
              6
            </td>
            <td
              className="rdtDay"
              onClick={[Function]}
            >
              7
            </td>
            <td
              className="rdtDay"
              onClick={[Function]}
            >
              8
            </td>
            <td
              className="rdtDay"
              onClick={[Function]}
            >
              9
            </td>
            <td
              className="rdtDay"
              onClick={[Function]}
            >
              10
            </td>
          </tr>
          <tr>
            <td
              className="rdtDay"
              onClick={[Function]}
            >
              11
            </td>
            <td
              className="rdtDay"
              onClick={[Function]}
            >
              12
            </td>
            <td
              className="rdtDay"
              onClick={[Function]}
            >
              13
            </td>
            <td
              className="rdtDay"
              onClick={[Function]}
            >
              14
            </td>
            <td
              className="rdtDay"
              onClick={[Function]}
            >
              15
            </td>
            <td
              className="rdtDay"
              onClick={[Function]}
            >
              16
            </td>
            <td
              className="rdtDay"
              onClick={[Function]}
            >
              17
            </td>
          </tr>
          <tr>
            <td
              className="rdtDay"
              onClick={[Function]}
            >
              18
            </td>
            <td
              className="rdtDay"
              onClick={[Function]}
            >
              19
            </td>
            <td
              className="rdtDay"
              onClick={[Function]}
            >
              20
            </td>
            <td
              className="rdtDay"
              onClick={[Function]}
            >
              21
            </td>
            <td
              className="rdtDay rdtToday"
              onClick={[Function]}
            >
              22
            </td>
            <td
              className="rdtDay"
              onClick={[Function]}
            >
              23
            </td>
            <td
              className="rdtDay"
              onClick={[Function]}
            >
              24
            </td>
          </tr>
          <tr>
            <td
              className="rdtDay"
              onClick={[Function]}
            >
              25
            </td>
            <td
              className="rdtDay"
              onClick={[Function]}
            >
              26
            </td>
            <td
              className="rdtDay"
              onClick={[Function]}
            >
              27
            </td>
            <td
              className="rdtDay"
              onClick={[Function]}
            >
              28
            </td>
            <td
              className="rdtDay"
              onClick={[Function]}
            >
              29
            </td>
            <td
              className="rdtDay"
              onClick={[Function]}
            >
              30
            </td>
            <td
              className="rdtDay"
              onClick={[Function]}
            >
              31
            </td>
          </tr>
          <tr>
            <td
              className="rdtDay rdtNew"
              onClick={[Function]}
            >
              1
            </td>
            <td
              className="rdtDay rdtNew"
              onClick={[Function]}
            >
              2
            </td>
            <td
              className="rdtDay rdtNew"
              onClick={[Function]}
            >
              3
            </td>
            <td
              className="rdtDay rdtNew"
              onClick={[Function]}
            >
              4
            </td>
            <td
              className="rdtDay rdtNew"
              onClick={[Function]}
            >
              5
            </td>
            <td
              className="rdtDay rdtNew"
              onClick={[Function]}
            >
              6
            </td>
            <td
              className="rdtDay rdtNew"
              onClick={[Function]}
            >
              7
            </td>
          </tr>
        </tbody>
        <tfoot>
          <tr>
            <td
              className="rdtSwitch"
              colSpan={7}
              onClick={[Function]}
            >
              12:00 AM
            </td>
          </tr>
        </tfoot>
      </table>
    </div>
  </div>
</div>
`;

exports[`viewMode set to months 1`] = `
<div
  className="rdt rdtOpen"
>
  <input
    className="form-control"
    onChange={[Function]}
    onFocus={[Function]}
    onKeyDown={[Function]}
    type="text"
    value=""
  />
  <div
    className="rdtPicker"
  >
    <div
      className="rdtMonths"
    >
      <table>
        <thead>
          <tr>
            <th
              className="rdtPrev"
              onClick={[Function]}
            >
              ◀
            </th>
            <th
              className="rdtSwitch"
              colSpan={2}
              onClick={[Function]}
            >
              2016
            </th>
            <th
              className="rdtNext"
              onClick={[Function]}
            >
              ▶
            </th>
          </tr>
        </thead>
      </table>
      <table>
        <tbody>
          <tr>
            <td
              className="rdtMonth"
              onClick={[Function]}
            >
              Jan
            </td>
            <td
              className="rdtMonth"
              onClick={[Function]}
            >
              Feb
            </td>
            <td
              className="rdtMonth"
              onClick={[Function]}
            >
              Mar
            </td>
            <td
              className="rdtMonth"
              onClick={[Function]}
            >
              Apr
            </td>
          </tr>
          <tr>
            <td
              className="rdtMonth"
              onClick={[Function]}
            >
              May
            </td>
            <td
              className="rdtMonth"
              onClick={[Function]}
            >
              Jun
            </td>
            <td
              className="rdtMonth"
              onClick={[Function]}
            >
              Jul
            </td>
            <td
              className="rdtMonth"
              onClick={[Function]}
            >
              Aug
            </td>
          </tr>
          <tr>
            <td
              className="rdtMonth"
              onClick={[Function]}
            >
              Sep
            </td>
            <td
              className="rdtMonth"
              onClick={[Function]}
            >
              Oct
            </td>
            <td
              className="rdtMonth"
              onClick={[Function]}
            >
              Nov
            </td>
            <td
              className="rdtMonth"
              onClick={[Function]}
            >
              Dec
            </td>
          </tr>
        </tbody>
      </table>
    </div>
  </div>
</div>
`;

exports[`viewMode set to time 1`] = `
<div
  className="rdt rdtOpen"
>
  <input
    className="form-control"
    onChange={[Function]}
    onFocus={[Function]}
    onKeyDown={[Function]}
    type="text"
    value=""
  />
  <div
    className="rdtPicker"
  >
    <div
      className="rdtTime"
    >
      <table>
        <thead>
          <tr>
            <th
              className="rdtSwitch"
              onClick={[Function]}
            >
              12/01/2016
            </th>
          </tr>
        </thead>
      </table>
      <div
        className="rdtCounters"
      >
        <div
          className="rdtCounter rdtHours"
        >
          <button
            onMouseDown={[Function]}
          >
            ▲
          </button>
          <div
            className="rdtCount"
          >
            12
          </div>
          <button
            onMouseDown={[Function]}
          >
            ▼
          </button>
        </div>
        <div
          className="rdtCounterSeparator"
        >
          :
        </div>
        <div
          className="rdtCounter rdtMinutes"
        >
          <button
            onMouseDown={[Function]}
          >
            ▲
          </button>
          <div
            className="rdtCount"
          >
            00
          </div>
          <button
            onMouseDown={[Function]}
          >
            ▼
          </button>
        </div>
        <div
          className="rdtCounter rdtMeridiem"
        >
          <button
            onMouseDown={[Function]}
          >
            ▲
          </button>
          <div
            className="rdtCount"
          >
            AM
          </div>
          <button
            onMouseDown={[Function]}
          >
            ▼
          </button>
        </div>
      </div>
    </div>
  </div>
</div>
`;

exports[`viewMode set to years 1`] = `
<div
  className="rdt rdtOpen"
>
  <input
    className="form-control"
    onChange={[Function]}
    onFocus={[Function]}
    onKeyDown={[Function]}
    type="text"
    value=""
  />
  <div
    className="rdtPicker"
  >
    <div
      className="rdtYears"
    >
      <table>
        <thead>
          <tr>
            <th
              className="rdtPrev"
              onClick={[Function]}
            >
              ◀
            </th>
            <th
              className="rdtSwitch"
              colSpan={2}
            >
              2010
              -
              2019
            </th>
            <th
              className="rdtNext"
              onClick={[Function]}
            >
              ▶
            </th>
          </tr>
        </thead>
      </table>
      <table>
        <tbody>
          <tr>
            <td
              className="rdtYear rdtOld"
              onClick={[Function]}
            >
              2009
            </td>
            <td
              className="rdtYear"
              onClick={[Function]}
            >
              2010
            </td>
            <td
              className="rdtYear"
              onClick={[Function]}
            >
              2011
            </td>
            <td
              className="rdtYear"
              onClick={[Function]}
            >
              2012
            </td>
          </tr>
          <tr>
            <td
              className="rdtYear"
              onClick={[Function]}
            >
              2013
            </td>
            <td
              className="rdtYear"
              onClick={[Function]}
            >
              2014
            </td>
            <td
              className="rdtYear"
              onClick={[Function]}
            >
              2015
            </td>
            <td
              className="rdtYear"
              onClick={[Function]}
            >
              2016
            </td>
          </tr>
          <tr>
            <td
              className="rdtYear"
              onClick={[Function]}
            >
              2017
            </td>
            <td
              className="rdtYear"
              onClick={[Function]}
            >
              2018
            </td>
            <td
              className="rdtYear"
              onClick={[Function]}
            >
              2019
            </td>
            <td
              className="rdtYear rdtNew"
              onClick={[Function]}
            >
              2020
            </td>
          </tr>
        </tbody>
      </table>
    </div>
  </div>
</div>
`;
